{
  "nonce": "00000001",
  "resources": [
    {
      "@type": "type.googleapis.com/envoy.config.route.v3.RouteConfiguration",
      "name": "8080",
      "virtualHosts": [
        {
          "domains": [
            "s1.ingress.*",
            "s1.ingress.*:8080"
          ],
          "name": "s1",
          "routes": [
            {
              "match": {
                "prefix": "/"
              },
              "route": {
                "cluster": "s1.default.dc1.internal.11111111-2222-3333-4444-555555555555.consul"
              }
            }
          ]
        }
      ]
    },
    {
      "@type": "type.googleapis.com/envoy.config.route.v3.RouteConfiguration",
      "name": "8081",
      "virtualHosts": [
        {
          "domains": [
            "s2.ingress.*",
            "s2.ingress.*:8081"
          ],
          "name": "s2",
          "routes": [
            {
              "match": {
                "prefix": "/"
              },
              "route": {
                "cluster": "s2.default.dc1.internal.11111111-2222-3333-4444-555555555555.consul"
              }
            }
          ]
        }
      ]
    },
    {
      "@type": "type.googleapis.com/envoy.config.route.v3.RouteConfiguration",
      "name": "8082",
      "virtualHosts": [
        {
          "domains": [
            "s3.ingress.*",
            "s3.ingress.*:8082"
          ],
          "name": "s3",
          "routes": [
            {
              "match": {
                "prefix": "/"
              },
              "route": {
                "cluster": "s3.default.dc1.internal.11111111-2222-3333-4444-555555555555.consul"
              }
            }
          ]
        }
      ]
    },
    {
      "@type": "type.googleapis.com/envoy.config.route.v3.RouteConfiguration",
      "name": "8083",
      "virtualHosts": [
        {
          "domains": [
            "s4.ingress.*",
            "s4.ingress.*:8083"
          ],
          "name": "s4",
          "routes": [
            {
              "match": {
                "prefix": "/"
              },
              "route": {
                "cluster": "s4.default.dc1.internal.11111111-2222-3333-4444-555555555555.consul"
              }
            }
          ]
        }
      ]
    },
    {
      "@type": "type.googleapis.com/envoy.config.route.v3.RouteConfiguration",
      "name": "8084",
      "virtualHosts": [
        {
          "domains": [
            "s4.ingress.*",
            "s4.ingress.*:8084"
          ],
          "name": "s4",
          "routes": [
            {
              "match": {
                "prefix": "/"
              },
              "route": {
                "cluster": "s4.default.dc1.internal.11111111-2222-3333-4444-555555555555.consul"
              }
            }
          ]
        }
      ]
    }
  ],
  "typeUrl": "type.googleapis.com/envoy.config.route.v3.RouteConfiguration",
  "versionInfo": "00000001"
}