{
  "versionInfo": "00000001",
  "resources": [
    {
      "@type": "type.googleapis.com/envoy.api.v2.RouteConfiguration",
      "name": "9191",
      "virtualHosts": [
        {
          "name": "db",
          "domains": [
            "db.ingress.*",
            "db.ingress.*:9191"
          ],
          "routes": [
            {
              "match": {
                "prefix": "/"
              },
              "route": {
                "weightedClusters": {
                  "clusters": [
                    {
                      "name": "something-else.default.dc1.internal.11111111-2222-3333-4444-555555555555.consul",
                      "weight": 9550
                    },
                    {
                      "name": "db.default.dc1.internal.11111111-2222-3333-4444-555555555555.consul",
                      "weight": 450
                    }
                  ],
                  "totalWeight": 10000
                },
                "hashPolicy": [
                  {
                    "cookie": {
                      "name": "chocolate-chip"
                    },
                    "terminal": true
                  },
                  {
                    "cookie": {
                      "name": "chocolate-chip",
                      "ttl": "0s"
                    }
                  },
                  {
                    "header": {
                      "headerName": "x-user-id"
                    }
                  },
                  {
                    "connectionProperties": {
                      "sourceIp": true
                    },
                    "terminal": true
                  }
                ]
              }
            }
          ]
        }
      ],
      "validateClusters": true
    }
  ],
  "typeUrl": "type.googleapis.com/envoy.api.v2.RouteConfiguration",
  "nonce": "00000001"
}