{
  "versionInfo": "00000001",
  "resources": [
  ],
  "typeUrl": "type.googleapis.com/envoy.config.route.v3.RouteConfiguration",
  "nonce": "00000001"
}