{
  "nonce": "00000001",
  "resources": [
    {
      "@type": "type.googleapis.com/envoy.config.route.v3.RouteConfiguration",
      "name": "8080",
      "virtualHosts": [
        {
          "domains": [
            "test1.example.com",
            "test2.example.com",
            "test2.example.com:8080",
            "test1.example.com:8080"
          ],
          "name": "foo",
          "routes": [
            {
              "match": {
                "prefix": "/"
              },
              "route": {
                "cluster": "foo.default.dc1.internal.11111111-2222-3333-4444-555555555555.consul",
                "timeout": "22s"
              }
            }
          ]
        },
        {
          "domains": [
            "bar.ingress.*",
            "bar.ingress.*:8080"
          ],
          "name": "bar",
          "routes": [
            {
              "match": {
                "prefix": "/"
              },
              "route": {
                "cluster": "bar.default.dc1.internal.11111111-2222-3333-4444-555555555555.consul",
                "timeout": "22s"
              }
            }
          ]
        }
      ]
    }
  ],
  "typeUrl": "type.googleapis.com/envoy.config.route.v3.RouteConfiguration",
  "versionInfo": "00000001"
}