{"Data":{"Version":1,"ID":"2-12426-1604593650375","Index":12426,"Term":2,"Peers":"kbMxOTIuMTY4Ljg2LjIzNjo4MzAw","Configuration":{"Servers":[{"Suffrage":0,"ID":"1047e34e-dc15-fa4b-8e1d-5bf74c2ac239","Address":"192.168.86.236:8300"}]},"ConfigurationIndex":1,"Size":17228},"Type":"SnapshotHeader"}
{"Data":{"Datacenter":"dc1","ID":"1047e34e-dc15-fa4b-8e1d-5bf74c2ac239","Node":"hashicorp.lan","Address":"192.168.86.236","TaggedAddresses":{"lan":"192.168.86.236","lan_ipv4":"192.168.86.236","wan":"192.168.86.236","wan_ipv4":"192.168.86.236"},"NodeMeta":{"consul-network-segment":""},"Service":null,"Check":null,"Checks":null,"Locality":null,"SkipNodeUpdate":false,"PeerName":"","Token":"","CreateIndex":6,"ModifyIndex":7},"Type":"Register"}
{"Data":{"Datacenter":"dc1","ID":"1047e34e-dc15-fa4b-8e1d-5bf74c2ac239","Node":"hashicorp.lan","Address":"192.168.86.236","TaggedAddresses":{"lan":"192.168.86.236","lan_ipv4":"192.168.86.236","wan":"192.168.86.236","wan_ipv4":"192.168.86.236"},"NodeMeta":{"consul-network-segment":""},"Service":{"ID":"consul","Service":"consul","Tags":null,"Address":"","Meta":{"non_voter":"false","raft_version":"3","serf_protocol_current":"2","serf_protocol_max":"5","serf_protocol_min":"1","version":"1.8.5"},"Port":8300,"Weights":{"Passing":1,"Warning":1},"EnableTagOverride":false,"Proxy":{"Mode":"","MeshGateway":{},"Expose":{}},"Connect":{},"PeerName":"","CreateIndex":6,"ModifyIndex":6},"Check":null,"Checks":null,"Locality":null,"SkipNodeUpdate":false,"PeerName":"","Token":"","CreateIndex":6,"ModifyIndex":7},"Type":"Register"}
{"Data":{"Datacenter":"dc1","ID":"1047e34e-dc15-fa4b-8e1d-5bf74c2ac239","Node":"hashicorp.lan","Address":"192.168.86.236","TaggedAddresses":{"lan":"192.168.86.236","lan_ipv4":"192.168.86.236","wan":"192.168.86.236","wan_ipv4":"192.168.86.236"},"NodeMeta":{"consul-network-segment":""},"Service":{"ID":"vault:127.0.0.1:8200","Service":"vault","Tags":["active","initialized"],"Address":"127.0.0.1","TaggedAddresses":{"lan_ipv4":{"Address":"127.0.0.1","Port":8200},"wan_ipv4":{"Address":"127.0.0.1","Port":8200}},"Meta":null,"Port":8200,"Weights":{"Passing":1,"Warning":1},"EnableTagOverride":false,"Proxy":{"Mode":"","MeshGateway":{},"Expose":{}},"Connect":{},"PeerName":"","CreateIndex":3470,"ModifyIndex":3497},"Check":null,"Checks":null,"Locality":null,"SkipNodeUpdate":false,"PeerName":"","Token":"","CreateIndex":6,"ModifyIndex":7},"Type":"Register"}
{"Data":{"Datacenter":"dc1","ID":"1047e34e-dc15-fa4b-8e1d-5bf74c2ac239","Node":"hashicorp.lan","Address":"192.168.86.236","TaggedAddresses":{"lan":"192.168.86.236","lan_ipv4":"192.168.86.236","wan":"192.168.86.236","wan_ipv4":"192.168.86.236"},"NodeMeta":{"consul-network-segment":""},"Service":null,"Check":{"Node":"hashicorp.lan","CheckID":"serfHealth","Name":"Serf Health Status","Status":"passing","Notes":"","Output":"Agent alive and reachable","ServiceID":"","ServiceName":"","ServiceTags":null,"Type":"","Interval":"","Timeout":"","ExposedPort":0,"Definition":{},"CreateIndex":6,"ModifyIndex":6},"Checks":null,"Locality":null,"SkipNodeUpdate":false,"PeerName":"","Token":"","CreateIndex":6,"ModifyIndex":7},"Type":"Register"}
{"Data":{"Datacenter":"dc1","ID":"1047e34e-dc15-fa4b-8e1d-5bf74c2ac239","Node":"hashicorp.lan","Address":"192.168.86.236","TaggedAddresses":{"lan":"192.168.86.236","lan_ipv4":"192.168.86.236","wan":"192.168.86.236","wan_ipv4":"192.168.86.236"},"NodeMeta":{"consul-network-segment":""},"Service":null,"Check":{"Node":"hashicorp.lan","CheckID":"vault:127.0.0.1:8200:vault-sealed-check","Name":"Vault Sealed Status","Status":"passing","Notes":"Vault service is healthy when Vault is in an unsealed status and can become an active Vault server","Output":"Vault Unsealed","ServiceID":"vault:127.0.0.1:8200","ServiceName":"vault","ServiceTags":["active","initialized"],"Type":"ttl","Interval":"","Timeout":"","ExposedPort":0,"Definition":{},"CreateIndex":3471,"ModifyIndex":6836},"Checks":null,"Locality":null,"SkipNodeUpdate":false,"PeerName":"","Token":"","CreateIndex":6,"ModifyIndex":7},"Type":"Register"}
{"Data":[{"Node":"hashicorp.lan","Segment":"","Coord":{"Vec":[0,0,0,0,0,0,0,0],"Error":1.5,"Adjustment":0,"Height":0.00001}}],"Type":"CoordinateBatchUpdate"}
{"Data":{"Datacenter":"","Op":"","Session":{"ID":"","Name":"","Node":"","LockDelay":0,"Behavior":"","TTL":"","NodeChecks":null,"ServiceChecks":null,"CreateIndex":0,"ModifyIndex":0},"Token":""},"Type":"Session"}
{"Data":{"Datacenter":"","Op":"","DirEnt":{"LockIndex":0,"Key":"","Flags":0,"Value":null,"CreateIndex":0,"ModifyIndex":0},"Token":""},"Type":"KVS"}
{"Data":{"Datacenter":"","Op":"","DirEnt":{"LockIndex":0,"Key":"","Flags":0,"Value":null,"CreateIndex":0,"ModifyIndex":0},"Token":""},"Type":"KVS"}
{"Data":{"Datacenter":"","Op":"","DirEnt":{"LockIndex":0,"Key":"","Flags":0,"Value":null,"CreateIndex":0,"ModifyIndex":0},"Token":""},"Type":"KVS"}
{"Data":{"Datacenter":"","Op":"","DirEnt":{"LockIndex":0,"Key":"","Flags":0,"Value":null,"CreateIndex":0,"ModifyIndex":0},"Token":""},"Type":"KVS"}
{"Data":{"Datacenter":"","Op":"","DirEnt":{"LockIndex":0,"Key":"","Flags":0,"Value":null,"CreateIndex":0,"ModifyIndex":0},"Token":""},"Type":"KVS"}
{"Data":{"Datacenter":"","Op":"","DirEnt":{"LockIndex":0,"Key":"","Flags":0,"Value":null,"CreateIndex":0,"ModifyIndex":0},"Token":""},"Type":"KVS"}
{"Data":{"Datacenter":"","Op":"","DirEnt":{"LockIndex":0,"Key":"","Flags":0,"Value":null,"CreateIndex":0,"ModifyIndex":0},"Token":""},"Type":"KVS"}
{"Data":{"Datacenter":"","Op":"","DirEnt":{"LockIndex":0,"Key":"","Flags":0,"Value":null,"CreateIndex":0,"ModifyIndex":0},"Token":""},"Type":"KVS"}
{"Data":{"Datacenter":"","Op":"","DirEnt":{"LockIndex":0,"Key":"","Flags":0,"Value":null,"CreateIndex":0,"ModifyIndex":0},"Token":""},"Type":"KVS"}
{"Data":{"Datacenter":"","Op":"","DirEnt":{"LockIndex":0,"Key":"","Flags":0,"Value":null,"CreateIndex":0,"ModifyIndex":0},"Token":""},"Type":"KVS"}
{"Data":{"Datacenter":"","Op":"","DirEnt":{"LockIndex":0,"Key":"","Flags":0,"Value":null,"CreateIndex":0,"ModifyIndex":0},"Token":""},"Type":"KVS"}
{"Data":{"Datacenter":"","Op":"","DirEnt":{"LockIndex":0,"Key":"","Flags":0,"Value":null,"CreateIndex":0,"ModifyIndex":0},"Token":""},"Type":"KVS"}
{"Data":{"Datacenter":"","Op":"","DirEnt":{"LockIndex":0,"Key":"","Flags":0,"Value":null,"CreateIndex":0,"ModifyIndex":0},"Token":""},"Type":"KVS"}
{"Data":{"Datacenter":"","Op":"","DirEnt":{"LockIndex":0,"Key":"","Flags":0,"Value":null,"CreateIndex":0,"ModifyIndex":0},"Token":""},"Type":"KVS"}
{"Data":{"Datacenter":"","Op":"","DirEnt":{"LockIndex":0,"Key":"","Flags":0,"Value":null,"CreateIndex":0,"ModifyIndex":0},"Token":""},"Type":"KVS"}
{"Data":{"Datacenter":"","Op":"","DirEnt":{"LockIndex":0,"Key":"","Flags":0,"Value":null,"CreateIndex":0,"ModifyIndex":0},"Token":""},"Type":"KVS"}
{"Data":{"Datacenter":"","Op":"","DirEnt":{"LockIndex":0,"Key":"","Flags":0,"Value":null,"CreateIndex":0,"ModifyIndex":0},"Token":""},"Type":"KVS"}
{"Data":{"Datacenter":"","Op":"","DirEnt":{"LockIndex":0,"Key":"","Flags":0,"Value":null,"CreateIndex":0,"ModifyIndex":0},"Token":""},"Type":"KVS"}
{"Data":{"Datacenter":"","Op":"","DirEnt":{"LockIndex":0,"Key":"","Flags":0,"Value":null,"CreateIndex":0,"ModifyIndex":0},"Token":""},"Type":"KVS"}
{"Data":{"Datacenter":"","Op":"","DirEnt":{"LockIndex":0,"Key":"","Flags":0,"Value":null,"CreateIndex":0,"ModifyIndex":0},"Token":""},"Type":"KVS"}
{"Data":{"Datacenter":"","Op":"","DirEnt":{"LockIndex":0,"Key":"","Flags":0,"Value":null,"CreateIndex":0,"ModifyIndex":0},"Token":""},"Type":"KVS"}
{"Data":{"Datacenter":"","Op":"","DirEnt":{"LockIndex":0,"Key":"","Flags":0,"Value":null,"CreateIndex":0,"ModifyIndex":0},"Token":""},"Type":"KVS"}
{"Data":{"Datacenter":"","Op":"","DirEnt":{"LockIndex":0,"Key":"","Flags":0,"Value":null,"CreateIndex":0,"ModifyIndex":0},"Token":""},"Type":"KVS"}
{"Data":{"Datacenter":"","Op":"","DirEnt":{"LockIndex":0,"Key":"","Flags":0,"Value":null,"CreateIndex":0,"ModifyIndex":0},"Token":""},"Type":"KVS"}
{"Data":{"Datacenter":"","Op":"","DirEnt":{"LockIndex":0,"Key":"","Flags":0,"Value":null,"CreateIndex":0,"ModifyIndex":0},"Token":""},"Type":"KVS"}
{"Data":{"Datacenter":"","Op":"","DirEnt":{"LockIndex":0,"Key":"","Flags":0,"Value":null,"CreateIndex":0,"ModifyIndex":0},"Token":""},"Type":"KVS"}
{"Data":{"Datacenter":"","Op":"","DirEnt":{"LockIndex":0,"Key":"","Flags":0,"Value":null,"CreateIndex":0,"ModifyIndex":0},"Token":""},"Type":"KVS"}
{"Data":{"Datacenter":"","Op":"","ReapIndex":0,"Token":""},"Type":"Tombstone"}
{"Data":{"Datacenter":"","Op":"","ReapIndex":0,"Token":""},"Type":"Tombstone"}
{"Data":{"Datacenter":"","Config":{"CleanupDeadServers":false,"LastContactThreshold":0,"MaxTrailingLogs":0,"MinQuorum":0,"ServerStabilizationTime":0,"RedundancyZoneTag":"","DisableUpgradeMigration":false,"UpgradeVersionTag":"","CreateIndex":0,"ModifyIndex":0},"CAS":false,"Token":""},"Type":"Autopilot"}
{"Data":{"Datacenter":"","Op":"upsert","State":{"Datacenter":"dc1","UpdatedAt":"2020-11-03T23:57:19.636962Z","PrimaryModifyIndex":5,"CreateIndex":5,"ModifyIndex":5},"Token":""},"Type":"FederationState"}
{"Data":{"Key":"checks","Value":6836},"Type":"Index"}
{"Data":{"Key":"coordinates","Value":12424},"Type":"Index"}
{"Data":{"Key":"federation-states","Value":5},"Type":"Index"}
{"Data":{"Key":"kvs","Value":12426},"Type":"Index"}
{"Data":{"Key":"nodes","Value":7},"Type":"Index"}
{"Data":{"Key":"service.consul","Value":7},"Type":"Index"}
{"Data":{"Key":"service.vault","Value":6836},"Type":"Index"}
{"Data":{"Key":"service_kind.typical","Value":6836},"Type":"Index"}
{"Data":{"Key":"services","Value":3497},"Type":"Index"}
{"Data":{"Key":"sessions","Value":3493},"Type":"Index"}
{"Data":{"Key":"tombstones","Value":12426},"Type":"Index"}
{"Data":{"ChunkMap":{}},"Type":"ChunkingState"}
