{
  "versionInfo": "00000001",
  "typeUrl": "type.googleapis.com/envoy.api.v2.ClusterLoadAssignment",
  "nonce": "00000001"
}