{
  "nonce": "00000001",
  "resources": [
    {
      "@type": "type.googleapis.com/envoy.config.endpoint.v3.ClusterLoadAssignment",
      "clusterName": "v1.web.default.dc1.internal.11111111-2222-3333-4444-555555555555.consul",
      "endpoints": [
        {}
      ]
    },
    {
      "@type": "type.googleapis.com/envoy.config.endpoint.v3.ClusterLoadAssignment",
      "clusterName": "v2.web.default.dc1.internal.11111111-2222-3333-4444-555555555555.consul",
      "endpoints": [
        {}
      ]
    },
    {
      "@type": "type.googleapis.com/envoy.config.endpoint.v3.ClusterLoadAssignment",
      "clusterName": "web.default.dc1.internal.11111111-2222-3333-4444-555555555555.consul",
      "endpoints": [
        {}
      ]
    }
  ],
  "typeUrl": "type.googleapis.com/envoy.config.endpoint.v3.ClusterLoadAssignment",
  "versionInfo": "00000001"
}