{
  "versionInfo":  "00000001",
  "resources":  [
    {
      "@type":  "type.googleapis.com/envoy.config.route.v3.RouteConfiguration",
      "name":  "default/local/default/api-app",
      "virtualHosts":  [
        {
          "name":  "default/local/default/api-app",
          "routes":  [
            {
              "match":  {
                "prefix":  "/"
              },
              "route":  {
                "cluster":  "http.api-app.default.dc1.internal.foo.consul"
              }
            }
          ]
        }
      ],
      "validateClusters":  true
    },
    {
      "@type":  "type.googleapis.com/envoy.config.route.v3.RouteConfiguration",
      "name":  "default/local/default/api-app2",
      "virtualHosts":  [
        {
          "name":  "default/local/default/api-app2",
          "routes":  [
            {
              "match":  {
                "prefix":  "/"
              },
              "route":  {
                "cluster":  "http.api-app2.default.dc1.internal.foo.consul"
              }
            }
          ]
        }
      ],
      "validateClusters":  true
    }
  ],
  "typeUrl":  "type.googleapis.com/envoy.config.route.v3.RouteConfiguration",
  "nonce":  "00000001"
}