{
  "proxyState": {
    "clusters": {
      "local_app:admin-port": {
        "endpointGroup": {
          "static": {}
        },
        "name": "local_app:admin-port",
        "protocol": "PROTOCOL_HTTP"
      },
      "local_app:api-port": {
        "endpointGroup": {
          "static": {}
        },
        "name": "local_app:api-port",
        "protocol": "PROTOCOL_HTTP2"
      }
    },
    "endpoints": {
      "local_app:admin-port": {
        "endpoints": [
          {
            "hostPort": {
              "host": "127.0.0.1",
              "port": 8080
            }
          }
        ]
      },
      "local_app:api-port": {
        "endpoints": [
          {
            "hostPort": {
              "host": "127.0.0.1",
              "port": 9090
            }
          }
        ]
      }
    },
    "identity": {
      "name": "test-identity",
      "tenancy": {
        "namespace": "bar",
        "partition": "foo"
      },
      "type": {
        "group": "auth",
        "groupVersion": "v2beta1",
        "kind": "WorkloadIdentity"
      }
    },
    "listeners": [
      {
        "capabilities": [
          "CAPABILITY_L4_TLS_INSPECTION"
        ],
        "direction": "DIRECTION_INBOUND",
        "hostPort": {
          "host": "10.0.0.3",
          "port": 20000
        },
        "name": "public_listener",
        "routers": [
          {
            "inboundTls": {
              "inboundMesh": {
                "identityKey": "test-identity",
                "validationContext": {
                  "trustBundlePeerNameKeys": [
                    "local"
                  ]
                }
              }
            },
            "l7": {
              "route": {
                "name": "public_listener:admin-port"
              },
              "statPrefix": "public_listener",
              "staticRoute": true,
              "trafficPermissions": {}
            },
            "match": {
              "alpnProtocols": [
                "consul~admin-port"
              ]
            }
          },
          {
            "inboundTls": {
              "inboundMesh": {
                "identityKey": "test-identity",
                "validationContext": {
                  "trustBundlePeerNameKeys": [
                    "local"
                  ]
                }
              }
            },
            "l7": {
              "protocol": "L7_PROTOCOL_HTTP2",
              "route": {
                "name": "public_listener:api-port"
              },
              "statPrefix": "public_listener",
              "staticRoute": true,
              "trafficPermissions": {}
            },
            "match": {
              "alpnProtocols": [
                "consul~api-port"
              ]
            }
          }
        ]
      }
    ],
    "routes": {
      "public_listener:admin-port": {
        "virtualHosts": [
          {
            "domains": [
              "*"
            ],
            "name": "public_listener:admin-port",
            "routeRules": [
              {
                "destination": {
                  "cluster": {
                    "name": "local_app:admin-port"
                  }
                },
                "match": {
                  "pathMatch": {
                    "prefix": "/"
                  }
                }
              }
            ]
          }
        ]
      },
      "public_listener:api-port": {
        "virtualHosts": [
          {
            "domains": [
              "*"
            ],
            "name": "public_listener:api-port",
            "routeRules": [
              {
                "destination": {
                  "cluster": {
                    "name": "local_app:api-port"
                  }
                },
                "match": {
                  "pathMatch": {
                    "prefix": "/"
                  }
                }
              }
            ]
          }
        ]
      }
    }
  },
  "requiredLeafCertificates": {
    "test-identity": {
      "name": "test-identity",
      "namespace": "bar",
      "partition": "foo"
    }
  },
  "requiredTrustBundles": {
    "local": {
      "peer": "local"
    }
  }
}
