locality region cannot be empty if the zone is set