virtual port 8080 was previously assigned at index 3