{
  "proxyState":  {
    "identity":  {
      "tenancy":  {
        "partition":  "default",
        "namespace":  "default",
        "peerName":  "local"
      },
      "name":  "test-identity"
    },
    "listeners":  [
      {
        "name":  "api-1:tcp:1.1.1.1:1234",
        "direction":  "DIRECTION_OUTBOUND",
        "hostPort":  {
          "host":  "1.1.1.1",
          "port":  1234
        },
        "routers":  [
          {
            "l4":  {
              "name":  "api-1.default.dc1.internal.foo.consul",
              "statPrefix":  "upstream.api-1.default.default.dc1"
            }
          }
        ]
      },
      {
        "name":  "api-2:tcp:/path/to/socket",
        "direction":  "DIRECTION_OUTBOUND",
        "unixSocket":  {
          "path":  "/path/to/socket",
          "mode":  "0666"
        },
        "routers":  [
          {
            "l4":  {
              "name":  "api-2.default.dc1.internal.foo.consul",
              "statPrefix":  "upstream.api-2.default.default.dc1"
            }
          }
        ]
      }
    ],
    "clusters":  {
      "api-1.default.dc1.internal.foo.consul":  {
        "endpointGroup":  {
          "dynamic":  {
            "config":  {
              "disablePanicThreshold":  true
            },
            "outboundTls":  {
              "outboundMesh":  {
                "identityKey":  "test-identity",
                "validationContext":  {
                  "spiffeIds":  [
                    "spiffe://foo.consul/ap/default/ns/default/identity/api1-identity"
                  ]
                },
                "sni":  "api-1.default.dc1.internal.foo.consul"
              }
            }
          }
        }
      },
      "api-2.default.dc1.internal.foo.consul":  {
        "endpointGroup":  {
          "dynamic":  {
            "config":  {
              "disablePanicThreshold":  true
            },
            "outboundTls":  {
              "outboundMesh":  {
                "identityKey":  "test-identity",
                "validationContext":  {
                  "spiffeIds":  [
                    "spiffe://foo.consul/ap/default/ns/default/identity/api2-identity"
                  ]
                },
                "sni":  "api-2.default.dc1.internal.foo.consul"
              }
            }
          }
        }
      }
    }
  },
  "requiredEndpoints":  {
    "api-1.default.dc1.internal.foo.consul":  {
      "id":  {
        "name":  "api-1",
        "type":  {
          "group":  "catalog",
          "groupVersion":  "v1alpha1",
          "kind":  "ServiceEndpoints"
        },
        "tenancy":  {
          "partition":  "default",
          "namespace":  "default",
          "peerName":  "local"
        }
      },
      "port":  "tcp"
    },
    "api-2.default.dc1.internal.foo.consul":  {
      "id":  {
        "name":  "api-2",
        "type":  {
          "group":  "catalog",
          "groupVersion":  "v1alpha1",
          "kind":  "ServiceEndpoints"
        },
        "tenancy":  {
          "partition":  "default",
          "namespace":  "default",
          "peerName":  "local"
        }
      },
      "port":  "tcp"
    }
  }
}