{
  "versionInfo": "00000001",
  "resources": [
    {
      "@type": "type.googleapis.com/envoy.api.v2.Listener",
      "name": "http:1.2.3.4:443",
      "address": {
        "socketAddress": {
          "address": "1.2.3.4",
          "portValue": 443
        }
      },
      "filterChains": [
        {
          "filters": [
            {
              "name": "envoy.filters.network.http_connection_manager",
              "typedConfig": {
                "@type": "type.googleapis.com/envoy.config.filter.network.http_connection_manager.v2.HttpConnectionManager",
                "statPrefix": "ingress_upstream.443",
                "rds": {
                  "configSource": {
                    "ads": {

                    },
                    "resourceApiVersion": "V2"
                  },
                  "routeConfigName": "443"
                },
                "httpFilters": [
                  {
                    "name": "envoy.filters.http.router"
                  }
                ],
                "tracing": {
                  "randomSampling": {

                  }
                }
              }
            }
          ]
        }
      ],
      "trafficDirection": "OUTBOUND"
    },
    {
      "@type": "type.googleapis.com/envoy.api.v2.Listener",
      "name": "http:1.2.3.4:8080",
      "address": {
        "socketAddress": {
          "address": "1.2.3.4",
          "portValue": 8080
        }
      },
      "filterChains": [
        {
          "filters": [
            {
              "name": "envoy.filters.network.http_connection_manager",
              "typedConfig": {
                "@type": "type.googleapis.com/envoy.config.filter.network.http_connection_manager.v2.HttpConnectionManager",
                "statPrefix": "ingress_upstream.8080",
                "rds": {
                  "configSource": {
                    "ads": {

                    },
                    "resourceApiVersion": "V2"
                  },
                  "routeConfigName": "8080"
                },
                "httpFilters": [
                  {
                    "name": "envoy.filters.http.router"
                  }
                ],
                "tracing": {
                  "randomSampling": {

                  }
                }
              }
            }
          ]
        }
      ],
      "trafficDirection": "OUTBOUND"
    }
  ],
  "typeUrl": "type.googleapis.com/envoy.api.v2.Listener",
  "nonce": "00000001"
}