{
  "versionInfo": "00000001",
  "resources": [
    {
      "@type": "type.googleapis.com/envoy.config.listener.v3.Listener",
      "name": "http:1.2.3.4:9191",
      "address": {
        "socketAddress": {
          "address": "1.2.3.4",
          "portValue": 9191
        }
      },
      "filterChains": [
        {
          "filters": [
            {
              "name": "envoy.filters.network.http_connection_manager",
              "typedConfig": {
                "@type": "type.googleapis.com/envoy.extensions.filters.network.http_connection_manager.v3.HttpConnectionManager",
                "statPrefix": "ingress_upstream.9191",
                "rds": {
                  "configSource": {
                    "ads": {

                    },
                    "resourceApiVersion": "V3"
                  },
                  "routeConfigName": "9191"
                },
                "httpFilters": [
                  {
                    "name": "envoy.filters.http.router"
                  }
                ],
                "tracing": {
                  "randomSampling": {

                  }
                }
              }
            }
          ]
        }
      ],
      "trafficDirection": "OUTBOUND"
    }
  ],
  "typeUrl": "type.googleapis.com/envoy.config.listener.v3.Listener",
  "nonce": "00000001"
}