{
  "versionInfo": "00000001",
  "resources": [
    {
      "@type": "type.googleapis.com/envoy.config.listener.v3.Listener",
      "name": "default/default/api-1:http:1.1.1.1:1234",
      "address": {
        "socketAddress": {
          "address": "1.1.1.1",
          "portValue": 1234
        }
      },
      "filterChains": [
        {
          "filters": [
            {
              "name": "envoy.filters.network.http_connection_manager",
              "typedConfig": {
                "@type": "type.googleapis.com/envoy.extensions.filters.network.http_connection_manager.v3.HttpConnectionManager",
                "statPrefix": "upstream.http.api-1.default.default.dc1",
                "rds": {
                  "configSource": {
                    "ads": {},
                    "resourceApiVersion": "V3"
                  },
                  "routeConfigName": "default/default/api-1:http:1.1.1.1:1234"
                },
                "httpFilters": [
                  {
                    "name": "envoy.filters.http.router",
                    "typedConfig": {
                      "@type": "type.googleapis.com/envoy.extensions.filters.http.router.v3.Router"
                    }
                  }
                ],
                "tracing": {
                  "randomSampling": {}
                },
                "upgradeConfigs": [
                  {
                    "upgradeType": "websocket"
                  }
                ]
              }
            }
          ]
        }
      ],
      "trafficDirection": "OUTBOUND"
    },
    {
      "@type": "type.googleapis.com/envoy.config.listener.v3.Listener",
      "name": "default/default/api-1:tcp:1.1.1.1:1234",
      "address": {
        "socketAddress": {
          "address": "1.1.1.1",
          "portValue": 1234
        }
      },
      "filterChains": [
        {
          "filters": [
            {
              "name": "envoy.filters.network.tcp_proxy",
              "typedConfig": {
                "@type": "type.googleapis.com/envoy.extensions.filters.network.tcp_proxy.v3.TcpProxy",
                "statPrefix": "upstream.tcp.api-1.default.default.dc1",
                "weightedClusters": {
                  "clusters": [
                    {
                      "name": "tcp.api-2.default.dc1.internal.foo.consul",
                      "weight": 60
                    },
                    {
                      "name": "tcp.api-1.default.dc1.internal.foo.consul",
                      "weight": 40
                    },
                    {
                      "name": "null_route_cluster",
                      "weight": 10
                    }
                  ]
                }
              }
            }
          ]
        }
      ],
      "trafficDirection": "OUTBOUND"
    },
    {
      "@type": "type.googleapis.com/envoy.config.listener.v3.Listener",
      "name": "default/default/api-2:tcp:/path/to/socket",
      "address": {
        "pipe": {
          "path": "/path/to/socket",
          "mode": 438
        }
      },
      "filterChains": [
        {
          "filters": [
            {
              "name": "envoy.filters.network.tcp_proxy",
              "typedConfig": {
                "@type": "type.googleapis.com/envoy.extensions.filters.network.tcp_proxy.v3.TcpProxy",
                "statPrefix": "upstream.tcp.api-2.default.default.dc1",
                "cluster": "tcp.api-2.default.dc1.internal.foo.consul"
              }
            }
          ]
        }
      ],
      "trafficDirection": "OUTBOUND"
    }
  ],
  "typeUrl": "type.googleapis.com/envoy.config.listener.v3.Listener",
  "nonce": "00000001"
}