{
  "connectTimeout": "5s",
  "loadAssignment": {
    "clusterName": "jwks_cluster_okta",
    "endpoints": [
      {
        "lbEndpoints": [
          {
            "endpoint": {
              "address": {
                "socketAddress": {
                  "address": "example-okta.com",
                  "portValue": 90
                }
              }
            }
          }
        ]
      }
    ]
  },
  "name": "jwks_cluster_okta",
  "type": "STATIC"
}