{
  "name": "envoy.filters.http.rbac",
  "typedConfig": {
    "@type": "type.googleapis.com/envoy.extensions.filters.http.rbac.v3.RBAC",
    "rules": {
      "policies": {
        "consul-intentions-layer4": {
          "permissions": [
            {
              "any": true
            }
          ],
          "principals": [
            {
              "andIds": {
                "ids": [
                  {
                    "authenticated": {
                      "principalName": {
                        "safeRegex": {
                          "googleRe2": {

                          },
                          "regex": "^spiffe://test.consul/ns/default/dc/[^/]+/svc/[^/]+$"
                        }
                      }
                    }
                  },
                  {
                    "notId": {
                      "authenticated": {
                        "principalName": {
                          "safeRegex": {
                            "googleRe2": {

                            },
                            "regex": "^spiffe://test.consul/ns/default/dc/[^/]+/svc/web$"
                          }
                        }
                      }
                    }
                  }
                ]
              }
            }
          ]
        }
      }
    }
  }
}