{
  "name": "envoy.filters.http.rbac",
  "config": {
      "rules": {
            "action": "DENY",
            "policies": {
                  "consul-intentions-layer7-0": {
                        "permissions": [
                              {
                                    "and_rules": {
                                          "rules": [
                                                {
                                                      "url_path": {
                                                            "path": {
                                                                  "prefix": "/v1"
                                                                }
                                                          }
                                                    },
                                                {
                                                      "not_rule": {
                                                            "url_path": {
                                                                  "path": {
                                                                        "exact": "/v1/secret"
                                                                      }
                                                                }
                                                          }
                                                    }
                                              ]
                                        }
                                  },
                              {
                                    "and_rules": {
                                          "rules": [
                                                {
                                                      "and_rules": {
                                                            "rules": [
                                                                  {
                                                                        "url_path": {
                                                                              "path": {
                                                                                    "safe_regex": {
                                                                                          "google_re2": {
                                                                                              },
                                                                                          "regex": "/v[123]"
                                                                                        }
                                                                                  }
                                                                            }
                                                                      },
                                                                  {
                                                                        "header": {
                                                                              "name": ":method",
                                                                              "safe_regex_match": {
                                                                                    "google_re2": {
                                                                                        },
                                                                                    "regex": "GET|HEAD|OPTIONS"
                                                                                  }
                                                                            }
                                                                      }
                                                                ]
                                                          }
                                                    },
                                                {
                                                      "not_rule": {
                                                            "url_path": {
                                                                  "path": {
                                                                        "prefix": "/v1"
                                                                      }
                                                                }
                                                          }
                                                    },
                                                {
                                                      "not_rule": {
                                                            "url_path": {
                                                                  "path": {
                                                                        "exact": "/v1/secret"
                                                                      }
                                                                }
                                                          }
                                                    }
                                              ]
                                        }
                                  },
                              {
                                    "and_rules": {
                                          "rules": [
                                                {
                                                      "and_rules": {
                                                            "rules": [
                                                                  {
                                                                        "header": {
                                                                              "name": "x-foo",
                                                                              "present_match": true
                                                                            }
                                                                      },
                                                                  {
                                                                        "header": {
                                                                              "exact_match": "xyz",
                                                                              "name": "x-bar"
                                                                            }
                                                                      },
                                                                  {
                                                                        "header": {
                                                                              "name": "x-dib",
                                                                              "prefix_match": "gaz"
                                                                            }
                                                                      },
                                                                  {
                                                                        "header": {
                                                                              "name": "x-gir",
                                                                              "suffix_match": "zim"
                                                                            }
                                                                      },
                                                                  {
                                                                        "header": {
                                                                              "name": "x-zim",
                                                                              "safe_regex_match": {
                                                                                    "google_re2": {
                                                                                        },
                                                                                    "regex": "gi[rR]"
                                                                                  }
                                                                            }
                                                                      },
                                                                  {
                                                                        "header": {
                                                                              "invert_match": true,
                                                                              "name": "z-foo",
                                                                              "present_match": true
                                                                            }
                                                                      },
                                                                  {
                                                                        "header": {
                                                                              "exact_match": "xyz",
                                                                              "invert_match": true,
                                                                              "name": "z-bar"
                                                                            }
                                                                      },
                                                                  {
                                                                        "header": {
                                                                              "invert_match": true,
                                                                              "name": "z-dib",
                                                                              "prefix_match": "gaz"
                                                                            }
                                                                      },
                                                                  {
                                                                        "header": {
                                                                              "invert_match": true,
                                                                              "name": "z-gir",
                                                                              "suffix_match": "zim"
                                                                            }
                                                                      },
                                                                  {
                                                                        "header": {
                                                                              "invert_match": true,
                                                                              "name": "z-zim",
                                                                              "safe_regex_match": {
                                                                                    "google_re2": {
                                                                                        },
                                                                                    "regex": "gi[rR]"
                                                                                  }
                                                                            }
                                                                      }
                                                                ]
                                                          }
                                                    },
                                                {
                                                      "not_rule": {
                                                            "and_rules": {
                                                                  "rules": [
                                                                        {
                                                                              "url_path": {
                                                                                    "path": {
                                                                                          "safe_regex": {
                                                                                                "google_re2": {
                                                                                                    },
                                                                                                "regex": "/v[123]"
                                                                                              }
                                                                                        }
                                                                                  }
                                                                            },
                                                                        {
                                                                              "header": {
                                                                                    "name": ":method",
                                                                                    "safe_regex_match": {
                                                                                          "google_re2": {
                                                                                              },
                                                                                          "regex": "GET|HEAD|OPTIONS"
                                                                                        }
                                                                                  }
                                                                            }
                                                                      ]
                                                                }
                                                          }
                                                    },
                                                {
                                                      "not_rule": {
                                                            "url_path": {
                                                                  "path": {
                                                                        "prefix": "/v1"
                                                                      }
                                                                }
                                                          }
                                                    },
                                                {
                                                      "not_rule": {
                                                            "url_path": {
                                                                  "path": {
                                                                        "exact": "/v1/secret"
                                                                      }
                                                                }
                                                          }
                                                    }
                                              ]
                                        }
                                  }
                            ],
                        "principals": [
                              {
                                    "authenticated": {
                                          "principal_name": {
                                                "safe_regex": {
                                                      "google_re2": {
                                                          },
                                                      "regex": "^spiffe://[^/]+/ns/default/dc/[^/]+/svc/web$"
                                                    }
                                              }
                                        }
                                  }
                            ]
                      }
                }
          }
    }
}