{
  "name": "envoy.filters.http.rbac",
  "typedConfig": {
    "@type": "type.googleapis.com/envoy.extensions.filters.http.rbac.v3.RBAC",
    "rules": {
      "policies": {
        "consul-intentions-layer7-0": {
          "permissions": [
            {
              "andRules": {
                "rules": [
                  {
                    "andRules": {
                      "rules": [
                        {
                          "urlPath": {
                            "path": {
                              "prefix": "/v1"
                            }
                          }
                        },
                        {
                          "header": {
                            "name": "x-foo",
                            "presentMatch": true
                          }
                        }
                      ]
                    }
                  },
                  {
                    "notRule": {
                      "andRules": {
                        "rules": [
                          {
                            "urlPath": {
                              "path": {
                                "exact": "/v1/secret"
                              }
                            }
                          },
                          {
                            "header": {
                              "name": "x-baz",
                              "presentMatch": true
                            }
                          },
                          {
                            "header": {
                              "name": "x-bar",
                              "presentMatch": true
                            }
                          }
                        ]
                      }
                    }
                  },
                  {
                    "notRule": {
                      "andRules": {
                        "rules": [
                          {
                            "urlPath": {
                              "path": {
                                "exact": "/v1/admin"
                              }
                            }
                          },
                          {
                            "header": {
                              "name": "x-baz",
                              "presentMatch": true
                            }
                          },
                          {
                            "header": {
                              "name": "x-bar",
                              "presentMatch": true
                            }
                          }
                        ]
                      }
                    }
                  }
                ]
              }
            },
            {
              "andRules": {
                "rules": [
                  {
                    "andRules": {
                      "rules": [
                        {
                          "urlPath": {
                            "path": {
                              "prefix": "/v2"
                            }
                          }
                        },
                        {
                          "header": {
                            "name": "x-foo",
                            "presentMatch": true
                          }
                        }
                      ]
                    }
                  },
                  {
                    "notRule": {
                      "andRules": {
                        "rules": [
                          {
                            "urlPath": {
                              "path": {
                                "exact": "/v2/secret"
                              }
                            }
                          },
                          {
                            "header": {
                              "name": "x-baz",
                              "presentMatch": true
                            }
                          },
                          {
                            "header": {
                              "name": "x-bar",
                              "presentMatch": true
                            }
                          }
                        ]
                      }
                    }
                  },
                  {
                    "notRule": {
                      "andRules": {
                        "rules": [
                          {
                            "urlPath": {
                              "path": {
                                "exact": "/v2/admin"
                              }
                            }
                          },
                          {
                            "header": {
                              "name": "x-baz",
                              "presentMatch": true
                            }
                          },
                          {
                            "header": {
                              "name": "x-bar",
                              "presentMatch": true
                            }
                          }
                        ]
                      }
                    }
                  }
                ]
              }
            }
          ],
          "principals": [
            {
              "authenticated": {
                "principalName": {
                  "safeRegex": {
                    "regex": "^spiffe://test.consul/ns/default/dc/[^/]+/svc/web$"
                  }
                }
              }
            }
          ]
        }
      }
    }
  }
}