{
  "proxyState": {
    "clusters": {
      "null_route_cluster": {
        "endpointGroup": {
          "static": {
            "config": {
              "connectTimeout": "10s"
            }
          }
        },
        "name": "null_route_cluster",
        "protocol": "PROTOCOL_TCP"
      },
      "tcp.api-1.default.foo.dc1.internal-v1.foo.consul": {
        "altStatName": "tcp.api-1.default.foo.dc1.internal-v1.foo.consul",
        "endpointGroup": {
          "dynamic": {
            "config": {
              "connectTimeout": "5s",
              "disablePanicThreshold": true
            },
            "outboundTls": {
              "alpnProtocols": [
                "consul~tcp"
              ],
              "outboundMesh": {
                "identityKey": "test-identity",
                "sni": "api-1.default.foo.dc1.internal-v1.foo.consul",
                "validationContext": {
                  "spiffeIds": [
                    "spiffe://foo.consul/ap/foo/ns/default/identity/api1-identity"
                  ],
                  "trustBundlePeerNameKey": "local"
                }
              }
            }
          }
        },
        "name": "tcp.api-1.default.foo.dc1.internal-v1.foo.consul",
        "protocol": "PROTOCOL_TCP"
      },
      "tcp.api-2.default.foo.dc1.internal-v1.foo.consul": {
        "altStatName": "tcp.api-2.default.foo.dc1.internal-v1.foo.consul",
        "endpointGroup": {
          "dynamic": {
            "config": {
              "connectTimeout": "5s",
              "disablePanicThreshold": true
            },
            "outboundTls": {
              "alpnProtocols": [
                "consul~tcp"
              ],
              "outboundMesh": {
                "identityKey": "test-identity",
                "sni": "api-2.default.foo.dc1.internal-v1.foo.consul",
                "validationContext": {
                  "spiffeIds": [
                    "spiffe://foo.consul/ap/foo/ns/default/identity/api2-identity"
                  ],
                  "trustBundlePeerNameKey": "local"
                }
              }
            }
          }
        },
        "name": "tcp.api-2.default.foo.dc1.internal-v1.foo.consul",
        "protocol": "PROTOCOL_TCP"
      },
      "tcp2.api-1.default.foo.dc1.internal-v1.foo.consul": {
        "altStatName": "tcp2.api-1.default.foo.dc1.internal-v1.foo.consul",
        "endpointGroup": {
          "dynamic": {
            "config": {
              "connectTimeout": "5s",
              "disablePanicThreshold": true
            },
            "outboundTls": {
              "alpnProtocols": [
                "consul~tcp2"
              ],
              "outboundMesh": {
                "identityKey": "test-identity",
                "sni": "api-1.default.foo.dc1.internal-v1.foo.consul",
                "validationContext": {
                  "spiffeIds": [
                    "spiffe://foo.consul/ap/foo/ns/default/identity/api1-identity"
                  ],
                  "trustBundlePeerNameKey": "local"
                }
              }
            }
          }
        },
        "name": "tcp2.api-1.default.foo.dc1.internal-v1.foo.consul",
        "protocol": "PROTOCOL_TCP"
      },
      "tcp2.api-2.default.foo.dc1.internal-v1.foo.consul": {
        "altStatName": "tcp2.api-2.default.foo.dc1.internal-v1.foo.consul",
        "endpointGroup": {
          "dynamic": {
            "config": {
              "connectTimeout": "5s",
              "disablePanicThreshold": true
            },
            "outboundTls": {
              "alpnProtocols": [
                "consul~tcp2"
              ],
              "outboundMesh": {
                "identityKey": "test-identity",
                "sni": "api-2.default.foo.dc1.internal-v1.foo.consul",
                "validationContext": {
                  "spiffeIds": [
                    "spiffe://foo.consul/ap/foo/ns/default/identity/api2-identity"
                  ],
                  "trustBundlePeerNameKey": "local"
                }
              }
            }
          }
        },
        "name": "tcp2.api-2.default.foo.dc1.internal-v1.foo.consul",
        "protocol": "PROTOCOL_TCP"
      }
    },
    "identity": {
      "name": "test-identity",
      "tenancy": {
        "namespace": "default",
        "partition": "foo"
      },
      "type": {
        "group": "auth",
        "groupVersion": "v2beta1",
        "kind": "WorkloadIdentity"
      }
    },
    "listeners": [
      {
        "direction": "DIRECTION_OUTBOUND",
        "hostPort": {
          "host": "1.1.1.1",
          "port": 1234
        },
        "name": "foo/default/api-1:tcp:1.1.1.1:1234",
        "routers": [
          {
            "l4": {
              "statPrefix": "upstream.tcp.api-1.default.foo.dc1",
              "weightedClusters": {
                "clusters": [
                  {
                    "name": "tcp.api-2.default.foo.dc1.internal-v1.foo.consul",
                    "weight": 60
                  },
                  {
                    "name": "tcp.api-1.default.foo.dc1.internal-v1.foo.consul",
                    "weight": 40
                  },
                  {
                    "name": "null_route_cluster",
                    "weight": 10
                  }
                ]
              }
            }
          }
        ]
      },
      {
        "direction": "DIRECTION_OUTBOUND",
        "name": "foo/default/api-2:tcp:/path/to/socket",
        "routers": [
          {
            "l4": {
              "cluster": {
                "name": "tcp.api-2.default.foo.dc1.internal-v1.foo.consul"
              },
              "statPrefix": "upstream.tcp.api-2.default.foo.dc1"
            }
          }
        ],
        "unixSocket": {
          "mode": "0666",
          "path": "/path/to/socket"
        }
      },
      {
        "direction": "DIRECTION_OUTBOUND",
        "hostPort": {
          "host": "1.1.1.1",
          "port": 2345
        },
        "name": "foo/default/api-1:tcp2:1.1.1.1:2345",
        "routers": [
          {
            "l4": {
              "statPrefix": "upstream.tcp2.api-1.default.foo.dc1",
              "weightedClusters": {
                "clusters": [
                  {
                    "name": "tcp2.api-2.default.foo.dc1.internal-v1.foo.consul",
                    "weight": 60
                  },
                  {
                    "name": "tcp2.api-1.default.foo.dc1.internal-v1.foo.consul",
                    "weight": 40
                  },
                  {
                    "name": "null_route_cluster",
                    "weight": 10
                  }
                ]
              }
            }
          }
        ]
      },
      {
        "direction": "DIRECTION_OUTBOUND",
        "name": "foo/default/api-2:tcp2:/path/to/socket",
        "routers": [
          {
            "l4": {
              "cluster": {
                "name": "tcp2.api-2.default.foo.dc1.internal-v1.foo.consul"
              },
              "statPrefix": "upstream.tcp2.api-2.default.foo.dc1"
            }
          }
        ],
        "unixSocket": {
          "mode": "0666",
          "path": "/path/to/socket"
        }
      }
    ]
  },
  "requiredEndpoints": {
    "tcp.api-1.default.foo.dc1.internal-v1.foo.consul": {
      "id": {
        "name": "api-1",
        "tenancy": {
          "namespace": "default",
          "partition": "foo"
        },
        "type": {
          "group": "catalog",
          "groupVersion": "v2beta1",
          "kind": "ServiceEndpoints"
        }
      },
      "meshPort": "mesh",
      "routePort": "tcp"
    },
    "tcp.api-2.default.foo.dc1.internal-v1.foo.consul": {
      "id": {
        "name": "api-2",
        "tenancy": {
          "namespace": "default",
          "partition": "foo"
        },
        "type": {
          "group": "catalog",
          "groupVersion": "v2beta1",
          "kind": "ServiceEndpoints"
        }
      },
      "meshPort": "mesh",
      "routePort": "tcp"
    },
    "tcp2.api-1.default.foo.dc1.internal-v1.foo.consul": {
      "id": {
        "name": "api-1",
        "tenancy": {
          "namespace": "default",
          "partition": "foo"
        },
        "type": {
          "group": "catalog",
          "groupVersion": "v2beta1",
          "kind": "ServiceEndpoints"
        }
      },
      "meshPort": "mesh",
      "routePort": "tcp2"
    },
    "tcp2.api-2.default.foo.dc1.internal-v1.foo.consul": {
      "id": {
        "name": "api-2",
        "tenancy": {
          "namespace": "default",
          "partition": "foo"
        },
        "type": {
          "group": "catalog",
          "groupVersion": "v2beta1",
          "kind": "ServiceEndpoints"
        }
      },
      "meshPort": "mesh",
      "routePort": "tcp2"
    }
  },
  "requiredLeafCertificates": {
    "test-identity": {
      "name": "test-identity",
      "namespace": "default",
      "partition": "foo"
    }
  },
  "requiredTrustBundles": {
    "local": {
      "peer": "local"
    }
  }
}
