{
  "proxyState": {
    "clusters": {
      "http.api-app.default.foo.dc1.internal-v1.foo.consul": {
        "altStatName": "http.api-app.default.foo.dc1.internal-v1.foo.consul",
        "endpointGroup": {
          "dynamic": {
            "config": {
              "connectTimeout": "5s",
              "disablePanicThreshold": true
            },
            "outboundTls": {
              "alpnProtocols": [
                "consul~http"
              ],
              "outboundMesh": {
                "identityKey": "test-identity",
                "sni": "api-app.default.foo.dc1.internal-v1.foo.consul",
                "validationContext": {
                  "spiffeIds": [
                    "spiffe://foo.consul/ap/foo/ns/default/identity/api-app-identity"
                  ],
                  "trustBundlePeerNameKey": "local"
                }
              }
            }
          }
        },
        "name": "http.api-app.default.foo.dc1.internal-v1.foo.consul",
        "protocol": "PROTOCOL_HTTP"
      },
      "http.api-app2.default.foo.dc1.internal-v1.foo.consul": {
        "altStatName": "http.api-app2.default.foo.dc1.internal-v1.foo.consul",
        "endpointGroup": {
          "dynamic": {
            "config": {
              "connectTimeout": "5s",
              "disablePanicThreshold": true
            },
            "outboundTls": {
              "alpnProtocols": [
                "consul~http"
              ],
              "outboundMesh": {
                "identityKey": "test-identity",
                "sni": "api-app2.default.foo.dc1.internal-v1.foo.consul",
                "validationContext": {
                  "spiffeIds": [
                    "spiffe://foo.consul/ap/foo/ns/default/identity/api-app2-identity"
                  ],
                  "trustBundlePeerNameKey": "local"
                }
              }
            }
          }
        },
        "name": "http.api-app2.default.foo.dc1.internal-v1.foo.consul",
        "protocol": "PROTOCOL_HTTP"
      },
      "original-destination": {
        "endpointGroup": {
          "passthrough": {
            "config": {
              "connectTimeout": "5s"
            }
          }
        },
        "name": "original-destination",
        "protocol": "PROTOCOL_TCP"
      },
      "tcp.api-app.default.foo.dc1.internal-v1.foo.consul": {
        "altStatName": "tcp.api-app.default.foo.dc1.internal-v1.foo.consul",
        "endpointGroup": {
          "dynamic": {
            "config": {
              "connectTimeout": "5s",
              "disablePanicThreshold": true
            },
            "outboundTls": {
              "alpnProtocols": [
                "consul~tcp"
              ],
              "outboundMesh": {
                "identityKey": "test-identity",
                "sni": "api-app.default.foo.dc1.internal-v1.foo.consul",
                "validationContext": {
                  "spiffeIds": [
                    "spiffe://foo.consul/ap/foo/ns/default/identity/api-app-identity"
                  ],
                  "trustBundlePeerNameKey": "local"
                }
              }
            }
          }
        },
        "name": "tcp.api-app.default.foo.dc1.internal-v1.foo.consul",
        "protocol": "PROTOCOL_TCP"
      },
      "tcp.api-app2.default.foo.dc1.internal-v1.foo.consul": {
        "altStatName": "tcp.api-app2.default.foo.dc1.internal-v1.foo.consul",
        "endpointGroup": {
          "dynamic": {
            "config": {
              "connectTimeout": "5s",
              "disablePanicThreshold": true
            },
            "outboundTls": {
              "alpnProtocols": [
                "consul~tcp"
              ],
              "outboundMesh": {
                "identityKey": "test-identity",
                "sni": "api-app2.default.foo.dc1.internal-v1.foo.consul",
                "validationContext": {
                  "spiffeIds": [
                    "spiffe://foo.consul/ap/foo/ns/default/identity/api-app2-identity"
                  ],
                  "trustBundlePeerNameKey": "local"
                }
              }
            }
          }
        },
        "name": "tcp.api-app2.default.foo.dc1.internal-v1.foo.consul",
        "protocol": "PROTOCOL_TCP"
      },
      "tcp2.api-app.default.foo.dc1.internal-v1.foo.consul": {
        "altStatName": "tcp2.api-app.default.foo.dc1.internal-v1.foo.consul",
        "endpointGroup": {
          "dynamic": {
            "config": {
              "connectTimeout": "5s",
              "disablePanicThreshold": true
            },
            "outboundTls": {
              "alpnProtocols": [
                "consul~tcp2"
              ],
              "outboundMesh": {
                "identityKey": "test-identity",
                "sni": "api-app.default.foo.dc1.internal-v1.foo.consul",
                "validationContext": {
                  "spiffeIds": [
                    "spiffe://foo.consul/ap/foo/ns/default/identity/api-app-identity"
                  ],
                  "trustBundlePeerNameKey": "local"
                }
              }
            }
          }
        },
        "name": "tcp2.api-app.default.foo.dc1.internal-v1.foo.consul",
        "protocol": "PROTOCOL_TCP"
      },
      "tcp2.api-app2.default.foo.dc1.internal-v1.foo.consul": {
        "altStatName": "tcp2.api-app2.default.foo.dc1.internal-v1.foo.consul",
        "endpointGroup": {
          "dynamic": {
            "config": {
              "connectTimeout": "5s",
              "disablePanicThreshold": true
            },
            "outboundTls": {
              "alpnProtocols": [
                "consul~tcp2"
              ],
              "outboundMesh": {
                "identityKey": "test-identity",
                "sni": "api-app2.default.foo.dc1.internal-v1.foo.consul",
                "validationContext": {
                  "spiffeIds": [
                    "spiffe://foo.consul/ap/foo/ns/default/identity/api-app2-identity"
                  ],
                  "trustBundlePeerNameKey": "local"
                }
              }
            }
          }
        },
        "name": "tcp2.api-app2.default.foo.dc1.internal-v1.foo.consul",
        "protocol": "PROTOCOL_TCP"
      }
    },
    "identity": {
      "name": "test-identity",
      "tenancy": {
        "namespace": "default",
        "partition": "foo"
      },
      "type": {
        "group": "auth",
        "groupVersion": "v2beta1",
        "kind": "WorkloadIdentity"
      }
    },
    "listeners": [
      {
        "capabilities": [
          "CAPABILITY_TRANSPARENT"
        ],
        "defaultRouter": {
          "l4": {
            "cluster": {
              "name": "original-destination"
            },
            "statPrefix": "upstream.original-destination"
          }
        },
        "direction": "DIRECTION_OUTBOUND",
        "hostPort": {
          "host": "127.0.0.1",
          "port": 15001
        },
        "name": "outbound_listener",
        "routers": [
          {
            "l4": {
              "cluster": {
                "name": "tcp.api-app.default.foo.dc1.internal-v1.foo.consul"
              },
              "statPrefix": "upstream.tcp.api-app.default.foo.dc1"
            },
            "match": {
              "destinationPort": 7070,
              "prefixRanges": [
                {
                  "addressPrefix": "1.1.1.1",
                  "prefixLen": 32
                }
              ]
            }
          },
          {
            "l4": {
              "cluster": {
                "name": "tcp.api-app2.default.foo.dc1.internal-v1.foo.consul"
              },
              "statPrefix": "upstream.tcp.api-app2.default.foo.dc1"
            },
            "match": {
              "destinationPort": 7070,
              "prefixRanges": [
                {
                  "addressPrefix": "2.2.2.2",
                  "prefixLen": 32
                },
                {
                  "addressPrefix": "3.3.3.3",
                  "prefixLen": 32
                }
              ]
            }
          },
          {
            "l7": {
              "route": {
                "name": "foo/default/api-app:http"
              },
              "statPrefix": "upstream.http.api-app.default.foo.dc1"
            },
            "match": {
              "destinationPort": 8080,
              "prefixRanges": [
                {
                  "addressPrefix": "1.1.1.1",
                  "prefixLen": 32
                }
              ]
            }
          },
          {
            "l7": {
              "route": {
                "name": "foo/default/api-app2:http"
              },
              "statPrefix": "upstream.http.api-app2.default.foo.dc1"
            },
            "match": {
              "destinationPort": 8080,
              "prefixRanges": [
                {
                  "addressPrefix": "2.2.2.2",
                  "prefixLen": 32
                },
                {
                  "addressPrefix": "3.3.3.3",
                  "prefixLen": 32
                }
              ]
            }
          },
          {
            "l4": {
              "cluster": {
                "name": "tcp2.api-app.default.foo.dc1.internal-v1.foo.consul"
              },
              "statPrefix": "upstream.tcp2.api-app.default.foo.dc1"
            },
            "match": {
              "destinationPort": 8081,
              "prefixRanges": [
                {
                  "addressPrefix": "1.1.1.1",
                  "prefixLen": 32
                }
              ]
            }
          },
          {
            "l4": {
              "cluster": {
                "name": "tcp2.api-app2.default.foo.dc1.internal-v1.foo.consul"
              },
              "statPrefix": "upstream.tcp2.api-app2.default.foo.dc1"
            },
            "match": {
              "destinationPort": 8081,
              "prefixRanges": [
                {
                  "addressPrefix": "2.2.2.2",
                  "prefixLen": 32
                },
                {
                  "addressPrefix": "3.3.3.3",
                  "prefixLen": 32
                }
              ]
            }
          }
        ]
      }
    ],
    "routes": {
      "foo/default/api-app2:http": {
        "virtualHosts": [
          {
            "domains": [
              "*"
            ],
            "name": "foo/default/api-app2:http",
            "routeRules": [
              {
                "destination": {
                  "cluster": {
                    "name": "http.api-app2.default.foo.dc1.internal-v1.foo.consul"
                  }
                },
                "match": {
                  "pathMatch": {
                    "prefix": "/"
                  }
                }
              }
            ]
          }
        ]
      },
      "foo/default/api-app:http": {
        "virtualHosts": [
          {
            "domains": [
              "*"
            ],
            "name": "foo/default/api-app:http",
            "routeRules": [
              {
                "destination": {
                  "cluster": {
                    "name": "http.api-app.default.foo.dc1.internal-v1.foo.consul"
                  }
                },
                "match": {
                  "pathMatch": {
                    "prefix": "/"
                  }
                }
              }
            ]
          }
        ]
      }
    }
  },
  "requiredEndpoints": {
    "http.api-app.default.foo.dc1.internal-v1.foo.consul": {
      "id": {
        "name": "api-app",
        "tenancy": {
          "namespace": "default",
          "partition": "foo"
        },
        "type": {
          "group": "catalog",
          "groupVersion": "v2beta1",
          "kind": "ServiceEndpoints"
        }
      },
      "meshPort": "mesh",
      "routePort": "http"
    },
    "http.api-app2.default.foo.dc1.internal-v1.foo.consul": {
      "id": {
        "name": "api-app2",
        "tenancy": {
          "namespace": "default",
          "partition": "foo"
        },
        "type": {
          "group": "catalog",
          "groupVersion": "v2beta1",
          "kind": "ServiceEndpoints"
        }
      },
      "meshPort": "mesh",
      "routePort": "http"
    },
    "tcp.api-app.default.foo.dc1.internal-v1.foo.consul": {
      "id": {
        "name": "api-app",
        "tenancy": {
          "namespace": "default",
          "partition": "foo"
        },
        "type": {
          "group": "catalog",
          "groupVersion": "v2beta1",
          "kind": "ServiceEndpoints"
        }
      },
      "meshPort": "mesh",
      "routePort": "tcp"
    },
    "tcp.api-app2.default.foo.dc1.internal-v1.foo.consul": {
      "id": {
        "name": "api-app2",
        "tenancy": {
          "namespace": "default",
          "partition": "foo"
        },
        "type": {
          "group": "catalog",
          "groupVersion": "v2beta1",
          "kind": "ServiceEndpoints"
        }
      },
      "meshPort": "mesh",
      "routePort": "tcp"
    },
    "tcp2.api-app.default.foo.dc1.internal-v1.foo.consul": {
      "id": {
        "name": "api-app",
        "tenancy": {
          "namespace": "default",
          "partition": "foo"
        },
        "type": {
          "group": "catalog",
          "groupVersion": "v2beta1",
          "kind": "ServiceEndpoints"
        }
      },
      "meshPort": "mesh",
      "routePort": "tcp2"
    },
    "tcp2.api-app2.default.foo.dc1.internal-v1.foo.consul": {
      "id": {
        "name": "api-app2",
        "tenancy": {
          "namespace": "default",
          "partition": "foo"
        },
        "type": {
          "group": "catalog",
          "groupVersion": "v2beta1",
          "kind": "ServiceEndpoints"
        }
      },
      "meshPort": "mesh",
      "routePort": "tcp2"
    }
  },
  "requiredLeafCertificates": {
    "test-identity": {
      "name": "test-identity",
      "namespace": "default",
      "partition": "foo"
    }
  },
  "requiredTrustBundles": {
    "local": {
      "peer": "local"
    }
  }
}
